Archive member included to satisfy reference by file (symbol)

/usr/share/gcc-arm-none-eabi-10.3-2021.10/bin/../lib/gcc/arm-none-eabi/10.3.1/../../../../arm-none-eabi/lib/thumb/v7e-m+fp/hard/libc_nano.a(lib_a-exit.o)
                              /usr/share/gcc-arm-none-eabi-10.3-2021.10/bin/../lib/gcc/arm-none-eabi/10.3.1/../../../../arm-none-eabi/lib/thumb/v7e-m+fp/hard/crt0.o (exit)
/usr/share/gcc-arm-none-eabi-10.3-2021.10/bin/../lib/gcc/arm-none-eabi/10.3.1/../../../../arm-none-eabi/lib/thumb/v7e-m+fp/hard/libc_nano.a(lib_a-impure.o)
                              /usr/share/gcc-arm-none-eabi-10.3-2021.10/bin/../lib/gcc/arm-none-eabi/10.3.1/../../../../arm-none-eabi/lib/thumb/v7e-m+fp/hard/libc_nano.a(lib_a-exit.o) (_global_impure_ptr)
/usr/share/gcc-arm-none-eabi-10.3-2021.10/bin/../lib/gcc/arm-none-eabi/10.3.1/../../../../arm-none-eabi/lib/thumb/v7e-m+fp/hard/libc_nano.a(lib_a-init.o)
                              /usr/share/gcc-arm-none-eabi-10.3-2021.10/bin/../lib/gcc/arm-none-eabi/10.3.1/../../../../arm-none-eabi/lib/thumb/v7e-m+fp/hard/crt0.o (__libc_init_array)
/usr/share/gcc-arm-none-eabi-10.3-2021.10/bin/../lib/gcc/arm-none-eabi/10.3.1/../../../../arm-none-eabi/lib/thumb/v7e-m+fp/hard/libc_nano.a(lib_a-memset.o)
                              /usr/share/gcc-arm-none-eabi-10.3-2021.10/bin/../lib/gcc/arm-none-eabi/10.3.1/../../../../arm-none-eabi/lib/thumb/v7e-m+fp/hard/crt0.o (memset)
/usr/share/gcc-arm-none-eabi-10.3-2021.10/bin/../lib/gcc/arm-none-eabi/10.3.1/../../../../arm-none-eabi/lib/thumb/v7e-m+fp/hard/libnosys.a(_exit.o)
                              /usr/share/gcc-arm-none-eabi-10.3-2021.10/bin/../lib/gcc/arm-none-eabi/10.3.1/../../../../arm-none-eabi/lib/thumb/v7e-m+fp/hard/libc_nano.a(lib_a-exit.o) (_exit)

Discarded input sections

 .text          0x0000000000000000        0x0 /usr/share/gcc-arm-none-eabi-10.3-2021.10/bin/../lib/gcc/arm-none-eabi/10.3.1/thumb/v7e-m+fp/hard/crti.o
 .data          0x0000000000000000        0x0 /usr/share/gcc-arm-none-eabi-10.3-2021.10/bin/../lib/gcc/arm-none-eabi/10.3.1/thumb/v7e-m+fp/hard/crti.o
 .bss           0x0000000000000000        0x0 /usr/share/gcc-arm-none-eabi-10.3-2021.10/bin/../lib/gcc/arm-none-eabi/10.3.1/thumb/v7e-m+fp/hard/crti.o
 .data          0x0000000000000000        0x4 /usr/share/gcc-arm-none-eabi-10.3-2021.10/bin/../lib/gcc/arm-none-eabi/10.3.1/thumb/v7e-m+fp/hard/crtbegin.o
 .rodata        0x0000000000000000       0x24 /usr/share/gcc-arm-none-eabi-10.3-2021.10/bin/../lib/gcc/arm-none-eabi/10.3.1/thumb/v7e-m+fp/hard/crtbegin.o
 .text          0x0000000000000000       0x7c /usr/share/gcc-arm-none-eabi-10.3-2021.10/bin/../lib/gcc/arm-none-eabi/10.3.1/../../../../arm-none-eabi/lib/thumb/v7e-m+fp/hard/crt0.o
 .data          0x0000000000000000        0x0 /usr/share/gcc-arm-none-eabi-10.3-2021.10/bin/../lib/gcc/arm-none-eabi/10.3.1/../../../../arm-none-eabi/lib/thumb/v7e-m+fp/hard/crt0.o
 .bss           0x0000000000000000        0x0 /usr/share/gcc-arm-none-eabi-10.3-2021.10/bin/../lib/gcc/arm-none-eabi/10.3.1/../../../../arm-none-eabi/lib/thumb/v7e-m+fp/hard/crt0.o
 .ARM.extab     0x0000000000000000        0x0 /usr/share/gcc-arm-none-eabi-10.3-2021.10/bin/../lib/gcc/arm-none-eabi/10.3.1/../../../../arm-none-eabi/lib/thumb/v7e-m+fp/hard/crt0.o
 .ARM.exidx     0x0000000000000000       0x10 /usr/share/gcc-arm-none-eabi-10.3-2021.10/bin/../lib/gcc/arm-none-eabi/10.3.1/../../../../arm-none-eabi/lib/thumb/v7e-m+fp/hard/crt0.o
 .ARM.attributes
                0x0000000000000000       0x1c /usr/share/gcc-arm-none-eabi-10.3-2021.10/bin/../lib/gcc/arm-none-eabi/10.3.1/../../../../arm-none-eabi/lib/thumb/v7e-m+fp/hard/crt0.o
 .text          0x0000000000000000        0x0 build/main.o
 .data          0x0000000000000000        0x0 build/main.o
 .bss           0x0000000000000000        0x0 build/main.o
 .text          0x0000000000000000        0x0 build/gpio.o
 .data          0x0000000000000000        0x0 build/gpio.o
 .bss           0x0000000000000000        0x0 build/gpio.o
 .text          0x0000000000000000        0x0 build/i2c.o
 .data          0x0000000000000000        0x0 build/i2c.o
 .bss           0x0000000000000000        0x0 build/i2c.o
 .text.HAL_I2C_MspDeInit
                0x0000000000000000       0x38 build/i2c.o
 .text          0x0000000000000000        0x0 build/spi.o
 .data          0x0000000000000000        0x0 build/spi.o
 .bss           0x0000000000000000        0x0 build/spi.o
 .text.HAL_SPI_MspDeInit
                0x0000000000000000       0x2c build/spi.o
 .text          0x0000000000000000        0x0 build/usb.o
 .data          0x0000000000000000        0x0 build/usb.o
 .bss           0x0000000000000000        0x0 build/usb.o
 .text.HAL_PCD_MspDeInit
                0x0000000000000000       0x2c build/usb.o
 .text          0x0000000000000000        0x0 build/stm32f3xx_it.o
 .data          0x0000000000000000        0x0 build/stm32f3xx_it.o
 .bss           0x0000000000000000        0x0 build/stm32f3xx_it.o
[...]
Memory Configuration

Name             Origin             Length             Attributes
RAM              0x0000000020000000 0x000000000000a000 xrw
CCMRAM           0x0000000010000000 0x0000000000002000 xrw
FLASH            0x0000000008000000 0x0000000000040000 xr
*default*        0x0000000000000000 0xffffffffffffffff

Linker script and memory map

LOAD /usr/share/gcc-arm-none-eabi-10.3-2021.10/bin/../lib/gcc/arm-none-eabi/10.3.1/thumb/v7e-m+fp/hard/crti.o
LOAD /usr/share/gcc-arm-none-eabi-10.3-2021.10/bin/../lib/gcc/arm-none-eabi/10.3.1/thumb/v7e-m+fp/hard/crtbegin.o
LOAD /usr/share/gcc-arm-none-eabi-10.3-2021.10/bin/../lib/gcc/arm-none-eabi/10.3.1/../../../../arm-none-eabi/lib/thumb/v7e-m+fp/hard/crt0.o
LOAD build/main.o
LOAD build/gpio.o
LOAD build/i2c.o
LOAD build/spi.o
LOAD build/usb.o
LOAD build/stm32f3xx_it.o
LOAD build/stm32f3xx_hal_msp.o
LOAD build/stm32f3xx_ll_usb.o
LOAD build/stm32f3xx_hal_i2c.o
LOAD build/stm32f3xx_hal_i2c_ex.o
LOAD build/stm32f3xx_hal.o
LOAD build/stm32f3xx_hal_rcc.o
LOAD build/stm32f3xx_hal_rcc_ex.o
LOAD build/stm32f3xx_hal_gpio.o
LOAD build/stm32f3xx_hal_dma.o
LOAD build/stm32f3xx_hal_cortex.o
LOAD build/stm32f3xx_hal_pwr.o
LOAD build/stm32f3xx_hal_pwr_ex.o
LOAD build/stm32f3xx_hal_flash.o
LOAD build/stm32f3xx_hal_flash_ex.o
LOAD build/stm32f3xx_hal_exti.o
LOAD build/stm32f3xx_hal_spi.o
LOAD build/stm32f3xx_hal_spi_ex.o
LOAD build/stm32f3xx_hal_tim.o
LOAD build/stm32f3xx_hal_tim_ex.o
LOAD build/stm32f3xx_hal_pcd.o
LOAD build/stm32f3xx_hal_pcd_ex.o
LOAD build/system_stm32f3xx.o
LOAD build/startup_stm32f303xc.o
LOAD /usr/share/gcc-arm-none-eabi-10.3-2021.10/bin/../lib/gcc/arm-none-eabi/10.3.1/../../../../arm-none-eabi/lib/thumb/v7e-m+fp/hard/libc_nano.a
LOAD /usr/share/gcc-arm-none-eabi-10.3-2021.10/bin/../lib/gcc/arm-none-eabi/10.3.1/../../../../arm-none-eabi/lib/thumb/v7e-m+fp/hard/libm.a
LOAD /usr/share/gcc-arm-none-eabi-10.3-2021.10/bin/../lib/gcc/arm-none-eabi/10.3.1/../../../../arm-none-eabi/lib/thumb/v7e-m+fp/hard/libnosys.a
START GROUP
LOAD /usr/share/gcc-arm-none-eabi-10.3-2021.10/bin/../lib/gcc/arm-none-eabi/10.3.1/thumb/v7e-m+fp/hard/libgcc.a
LOAD /usr/share/gcc-arm-none-eabi-10.3-2021.10/bin/../lib/gcc/arm-none-eabi/10.3.1/../../../../arm-none-eabi/lib/thumb/v7e-m+fp/hard/libc_nano.a
END GROUP
START GROUP
LOAD /usr/share/gcc-arm-none-eabi-10.3-2021.10/bin/../lib/gcc/arm-none-eabi/10.3.1/thumb/v7e-m+fp/hard/libgcc.a
LOAD /usr/share/gcc-arm-none-eabi-10.3-2021.10/bin/../lib/gcc/arm-none-eabi/10.3.1/../../../../arm-none-eabi/lib/thumb/v7e-m+fp/hard/libc_nano.a
END GROUP
LOAD /usr/share/gcc-arm-none-eabi-10.3-2021.10/bin/../lib/gcc/arm-none-eabi/10.3.1/thumb/v7e-m+fp/hard/crtend.o
LOAD /usr/share/gcc-arm-none-eabi-10.3-2021.10/bin/../lib/gcc/arm-none-eabi/10.3.1/thumb/v7e-m+fp/hard/crtn.o
                0x000000002000a000                _estack = (ORIGIN (RAM) + LENGTH (RAM))
                0x0000000000000200                _Min_Heap_Size = 0x200
                0x0000000000000400                _Min_Stack_Size = 0x400

.isr_vector     0x0000000008000000      0x188
                0x0000000008000000                . = ALIGN (0x4)
 *(.isr_vector)
 .isr_vector    0x0000000008000000      0x188 build/startup_stm32f303xc.o
                0x0000000008000000                g_pfnVectors
                0x0000000008000188                . = ALIGN (0x4)

.text           0x0000000008000188     0x19d8
                0x0000000008000188                . = ALIGN (0x4)
 *(.text)
 .text          0x0000000008000188       0x40 /usr/share/gcc-arm-none-eabi-10.3-2021.10/bin/../lib/gcc/arm-none-eabi/10.3.1/thumb/v7e-m+fp/hard/crtbegin.o
 *(.text*)
 .text.Error_Handler
                0x00000000080001c8        0x4 build/main.o
                0x00000000080001c8                Error_Handler
 .text.SystemClock_Config
                0x00000000080001cc       0x98 build/main.o
                0x00000000080001cc                SystemClock_Config
 .text.main     0x0000000008000264       0x58 build/main.o
                0x0000000008000264                main
 .text.MX_GPIO_Init
                0x00000000080002bc       0xc0 build/gpio.o
                0x00000000080002bc                MX_GPIO_Init
 .text.MX_I2C1_Init
                0x000000000800037c       0x58 build/i2c.o
                0x000000000800037c                MX_I2C1_Init
 .text.HAL_I2C_MspInit
                0x00000000080003d4       0x6c build/i2c.o
                0x00000000080003d4                HAL_I2C_MspInit
 .text.MX_SPI1_Init
                0x0000000008000440       0x4c build/spi.o
                0x0000000008000440                MX_SPI1_Init
 .text.HAL_SPI_MspInit
                0x000000000800048c       0x68 build/spi.o
                0x000000000800048c                HAL_SPI_MspInit
 .text.MX_USB_PCD_Init
                0x00000000080004f4       0x30 build/usb.o
                0x00000000080004f4                MX_USB_PCD_Init
 .text.HAL_PCD_MspInit
                0x0000000008000524       0x68 build/usb.o
                0x0000000008000524                HAL_PCD_MspInit
 .text.NMI_Handler
                0x000000000800058c        0x2 build/stm32f3xx_it.o
                0x000000000800058c                NMI_Handler
 .text.HardFault_Handler
                0x000000000800058e        0x2 build/stm32f3xx_it.o
                0x000000000800058e                HardFault_Handler
 .text.MemManage_Handler
                0x0000000008000590        0x2 build/stm32f3xx_it.o
                0x0000000008000590                MemManage_Handler
 .text.BusFault_Handler
                0x0000000008000592        0x2 build/stm32f3xx_it.o
                0x0000000008000592                BusFault_Handler
 .text.UsageFault_Handler
                0x0000000008000594        0x2 build/stm32f3xx_it.o
                0x0000000008000594                UsageFault_Handler
 .text.SVC_Handler
                0x0000000008000596        0x2 build/stm32f3xx_it.o
                0x0000000008000596                SVC_Handler
 .text.DebugMon_Handler
                0x0000000008000598        0x2 build/stm32f3xx_it.o
                0x0000000008000598                DebugMon_Handler
 .text.PendSV_Handler
                0x000000000800059a        0x2 build/stm32f3xx_it.o
                0x000000000800059a                PendSV_Handler
 .text.SysTick_Handler
                0x000000000800059c        0x8 build/stm32f3xx_it.o
                0x000000000800059c                SysTick_Handler
 .text.HAL_MspInit
                0x00000000080005a4       0x3c build/stm32f3xx_hal_msp.o
                0x00000000080005a4                HAL_MspInit
 .text.USB_DisableGlobalInt
                0x00000000080005e0       0x14 build/stm32f3xx_ll_usb.o
                0x00000000080005e0                USB_DisableGlobalInt
 .text.USB_DevInit
                0x00000000080005f4       0x22 build/stm32f3xx_ll_usb.o
                0x00000000080005f4                USB_DevInit
 .text.I2C_Flush_TXDR
                0x0000000008000616       0x22 build/stm32f3xx_hal_i2c.o
 .text.I2C_TransferConfig
                0x0000000008000638       0x38 build/stm32f3xx_hal_i2c.o
 .text.I2C_IsAcknowledgeFailed
                0x0000000008000670       0xa0 build/stm32f3xx_hal_i2c.o
 .text.I2C_WaitOnTXISFlagUntilTimeout
                0x0000000008000710       0x56 build/stm32f3xx_hal_i2c.o
 .text.I2C_WaitOnFlagUntilTimeout
                0x0000000008000766       0x5a build/stm32f3xx_hal_i2c.o
 .text.I2C_WaitOnSTOPFlagUntilTimeout
                0x00000000080007c0       0x50 build/stm32f3xx_hal_i2c.o
 .text.HAL_I2C_Init
                0x0000000008000810       0xbc build/stm32f3xx_hal_i2c.o
                0x0000000008000810                HAL_I2C_Init
 .text.HAL_I2C_Master_Transmit
                0x00000000080008cc      0x17c build/stm32f3xx_hal_i2c.o
                0x00000000080008cc                HAL_I2C_Master_Transmit
 .text.HAL_I2CEx_ConfigAnalogFilter
                0x0000000008000a48       0x5c build/stm32f3xx_hal_i2c_ex.o
                0x0000000008000a48                HAL_I2CEx_ConfigAnalogFilter
 .text.HAL_I2CEx_ConfigDigitalFilter
                0x0000000008000aa4       0x58 build/stm32f3xx_hal_i2c_ex.o
                0x0000000008000aa4                HAL_I2CEx_ConfigDigitalFilter
 .text.HAL_InitTick
                0x0000000008000afc       0x4c build/stm32f3xx_hal.o
                0x0000000008000afc                HAL_InitTick
 .text.HAL_Init
                0x0000000008000b48       0x24 build/stm32f3xx_hal.o
                0x0000000008000b48                HAL_Init
 .text.HAL_IncTick
                0x0000000008000b6c       0x18 build/stm32f3xx_hal.o
                0x0000000008000b6c                HAL_IncTick
 .text.HAL_GetTick
                0x0000000008000b84        0xc build/stm32f3xx_hal.o
                0x0000000008000b84                HAL_GetTick
 .text.HAL_RCC_OscConfig
                0x0000000008000b90      0x634 build/stm32f3xx_hal_rcc.o
                0x0000000008000b90                HAL_RCC_OscConfig
 .text.HAL_RCC_GetSysClockFreq
                0x00000000080011c4       0x70 build/stm32f3xx_hal_rcc.o
                0x00000000080011c4                HAL_RCC_GetSysClockFreq
 .text.HAL_RCC_ClockConfig
                0x0000000008001234      0x1a8 build/stm32f3xx_hal_rcc.o
                0x0000000008001234                HAL_RCC_ClockConfig
 .text.HAL_RCCEx_PeriphCLKConfig
                0x00000000080013dc      0x260 build/stm32f3xx_hal_rcc_ex.o
                0x00000000080013dc                HAL_RCCEx_PeriphCLKConfig
 .text.HAL_GPIO_Init
                0x000000000800163c      0x1c8 build/stm32f3xx_hal_gpio.o
                0x000000000800163c                HAL_GPIO_Init
 .text.HAL_GPIO_WritePin
                0x0000000008001804        0xa build/stm32f3xx_hal_gpio.o
                0x0000000008001804                HAL_GPIO_WritePin
 *fill*         0x000000000800180e        0x2 
 .text.HAL_NVIC_SetPriorityGrouping
                0x0000000008001810       0x24 build/stm32f3xx_hal_cortex.o
                0x0000000008001810                HAL_NVIC_SetPriorityGrouping
 .text.HAL_NVIC_SetPriority
                0x0000000008001834       0x70 build/stm32f3xx_hal_cortex.o
                0x0000000008001834                HAL_NVIC_SetPriority
 .text.HAL_SYSTICK_Config
                0x00000000080018a4       0x28 build/stm32f3xx_hal_cortex.o
                0x00000000080018a4                HAL_SYSTICK_Config
 .text.HAL_SPI_Init
                0x00000000080018cc       0xe8 build/stm32f3xx_hal_spi.o
                0x00000000080018cc                HAL_SPI_Init
 .text.HAL_PCD_Init
                0x00000000080019b4       0xd2 build/stm32f3xx_hal_pcd.o
                0x00000000080019b4                HAL_PCD_Init
 *fill*         0x0000000008001a86        0x2 
 .text.SystemInit
                0x0000000008001a88       0x14 build/system_stm32f3xx.o
                0x0000000008001a88                SystemInit
 .text.Reset_Handler
                0x0000000008001a9c       0x50 build/startup_stm32f303xc.o
                0x0000000008001a9c                Reset_Handler
 .text.Default_Handler
                0x0000000008001aec        0x2 build/startup_stm32f303xc.o
                0x0000000008001aec                RTC_Alarm_IRQHandler
                0x0000000008001aec                TIM8_TRG_COM_IRQHandler
                0x0000000008001aec                TIM8_CC_IRQHandler
                0x0000000008001aec                TIM1_CC_IRQHandler
                0x0000000008001aec                USB_HP_IRQHandler
                0x0000000008001aec                PVD_IRQHandler
                0x0000000008001aec                TAMP_STAMP_IRQHandler
                0x0000000008001aec                EXTI3_IRQHandler
                0x0000000008001aec                USB_HP_CAN_TX_IRQHandler
                0x0000000008001aec                EXTI0_IRQHandler
                0x0000000008001aec                I2C2_EV_IRQHandler
                0x0000000008001aec                FPU_IRQHandler
                0x0000000008001aec                TIM1_UP_TIM16_IRQHandler
                0x0000000008001aec                ADC1_2_IRQHandler
                0x0000000008001aec                SPI1_IRQHandler
                0x0000000008001aec                CAN_SCE_IRQHandler
                0x0000000008001aec                TIM6_DAC_IRQHandler
                0x0000000008001aec                TIM8_UP_IRQHandler
                0x0000000008001aec                DMA2_Channel2_IRQHandler
                0x0000000008001aec                DMA1_Channel4_IRQHandler
                0x0000000008001aec                USART3_IRQHandler
                0x0000000008001aec                DMA1_Channel7_IRQHandler
                0x0000000008001aec                UART5_IRQHandler
                0x0000000008001aec                ADC3_IRQHandler
                0x0000000008001aec                TIM4_IRQHandler
                0x0000000008001aec                CAN_RX1_IRQHandler
                0x0000000008001aec                DMA2_Channel1_IRQHandler
                0x0000000008001aec                I2C1_EV_IRQHandler
                0x0000000008001aec                DMA1_Channel6_IRQHandler
                0x0000000008001aec                UART4_IRQHandler
                0x0000000008001aec                DMA2_Channel4_IRQHandler
                0x0000000008001aec                TIM3_IRQHandler
                0x0000000008001aec                RCC_IRQHandler
                0x0000000008001aec                DMA1_Channel1_IRQHandler
                0x0000000008001aec                Default_Handler
                0x0000000008001aec                USBWakeUp_RMP_IRQHandler
                0x0000000008001aec                EXTI15_10_IRQHandler
                0x0000000008001aec                TIM7_IRQHandler
                0x0000000008001aec                EXTI9_5_IRQHandler
                0x0000000008001aec                RTC_WKUP_IRQHandler
                0x0000000008001aec                SPI2_IRQHandler
                0x0000000008001aec                USB_LP_CAN_RX0_IRQHandler
                0x0000000008001aec                DMA2_Channel5_IRQHandler
                0x0000000008001aec                DMA1_Channel5_IRQHandler
                0x0000000008001aec                USB_LP_IRQHandler
                0x0000000008001aec                EXTI4_IRQHandler
                0x0000000008001aec                TIM1_TRG_COM_TIM17_IRQHandler
                0x0000000008001aec                DMA1_Channel3_IRQHandler
                0x0000000008001aec                ADC4_IRQHandler
                0x0000000008001aec                WWDG_IRQHandler
                0x0000000008001aec                TIM2_IRQHandler
                0x0000000008001aec                COMP7_IRQHandler
                0x0000000008001aec                COMP1_2_3_IRQHandler
                0x0000000008001aec                EXTI1_IRQHandler
                0x0000000008001aec                USART2_IRQHandler
                0x0000000008001aec                COMP4_5_6_IRQHandler
                0x0000000008001aec                I2C2_ER_IRQHandler
                0x0000000008001aec                DMA1_Channel2_IRQHandler
                0x0000000008001aec                TIM8_BRK_IRQHandler
                0x0000000008001aec                FLASH_IRQHandler
                0x0000000008001aec                USART1_IRQHandler
                0x0000000008001aec                SPI3_IRQHandler
                0x0000000008001aec                I2C1_ER_IRQHandler
                0x0000000008001aec                USBWakeUp_IRQHandler
                0x0000000008001aec                DMA2_Channel3_IRQHandler
                0x0000000008001aec                EXTI2_TSC_IRQHandler
                0x0000000008001aec                TIM1_BRK_TIM15_IRQHandler
 *fill*         0x0000000008001aee        0x2 
 .text.__libc_init_array
                0x0000000008001af0       0x48 /usr/share/gcc-arm-none-eabi-10.3-2021.10/bin/../lib/gcc/arm-none-eabi/10.3.1/../../../../arm-none-eabi/lib/thumb/v7e-m+fp/hard/libc_nano.a(lib_a-init.o)
                0x0000000008001af0                __libc_init_array
 .text.memset   0x0000000008001b38       0x10 /usr/share/gcc-arm-none-eabi-10.3-2021.10/bin/../lib/gcc/arm-none-eabi/10.3.1/../../../../arm-none-eabi/lib/thumb/v7e-m+fp/hard/libc_nano.a(lib_a-memset.o)
                0x0000000008001b38                memset
 *(.glue_7)
 .glue_7        0x0000000008001b48        0x0 linker stubs
 *(.glue_7t)
 .glue_7t       0x0000000008001b48        0x0 linker stubs
 *(.eh_frame)
 .eh_frame      0x0000000008001b48        0x0 /usr/share/gcc-arm-none-eabi-10.3-2021.10/bin/../lib/gcc/arm-none-eabi/10.3.1/thumb/v7e-m+fp/hard/crtbegin.o
 *(.init)
 .init          0x0000000008001b48        0x4 /usr/share/gcc-arm-none-eabi-10.3-2021.10/bin/../lib/gcc/arm-none-eabi/10.3.1/thumb/v7e-m+fp/hard/crti.o
                0x0000000008001b48                _init
 .init          0x0000000008001b4c        0x8 /usr/share/gcc-arm-none-eabi-10.3-2021.10/bin/../lib/gcc/arm-none-eabi/10.3.1/thumb/v7e-m+fp/hard/crtn.o
 *(.fini)
 .fini          0x0000000008001b54        0x4 /usr/share/gcc-arm-none-eabi-10.3-2021.10/bin/../lib/gcc/arm-none-eabi/10.3.1/thumb/v7e-m+fp/hard/crti.o
                0x0000000008001b54                _fini
 .fini          0x0000000008001b58        0x8 /usr/share/gcc-arm-none-eabi-10.3-2021.10/bin/../lib/gcc/arm-none-eabi/10.3.1/thumb/v7e-m+fp/hard/crtn.o
                0x0000000008001b60                . = ALIGN (0x4)
                0x0000000008001b60                _etext = .

.vfp11_veneer   0x0000000008001b60        0x0
 .vfp11_veneer  0x0000000008001b60        0x0 linker stubs

.v4_bx          0x0000000008001b60        0x0
 .v4_bx         0x0000000008001b60        0x0 linker stubs

.iplt           0x0000000008001b60        0x0
 .iplt          0x0000000008001b60        0x0 /usr/share/gcc-arm-none-eabi-10.3-2021.10/bin/../lib/gcc/arm-none-eabi/10.3.1/thumb/v7e-m+fp/hard/crtbegin.o

.rodata         0x0000000008001b60       0x30
                0x0000000008001b60                . = ALIGN (0x4)
 *(.rodata)
 *(.rodata*)
 .rodata.aPLLMULFactorTable
                0x0000000008001b60       0x10 build/stm32f3xx_hal_rcc.o
                0x0000000008001b60                aPLLMULFactorTable
 .rodata.aPredivFactorTable
                0x0000000008001b70       0x10 build/stm32f3xx_hal_rcc.o
                0x0000000008001b70                aPredivFactorTable
 .rodata.AHBPrescTable
                0x0000000008001b80       0x10 build/system_stm32f3xx.o
                0x0000000008001b80                AHBPrescTable
                0x0000000008001b90                . = ALIGN (0x4)

.rel.dyn        0x0000000008001b90        0x0
 .rel.iplt      0x0000000008001b90        0x0 /usr/share/gcc-arm-none-eabi-10.3-2021.10/bin/../lib/gcc/arm-none-eabi/10.3.1/thumb/v7e-m+fp/hard/crtbegin.o

.ARM.extab
 *(.ARM.extab* .gnu.linkonce.armextab.*)

.ARM            0x0000000008001b90        0x0
                0x0000000008001b90                __exidx_start = .
 *(.ARM.exidx*)
                0x0000000008001b90                __exidx_end = .

.preinit_array  0x0000000008001b90        0x0
                0x0000000008001b90                PROVIDE (__preinit_array_start = .)
 *(.preinit_array*)
                0x0000000008001b90                PROVIDE (__preinit_array_end = .)

.init_array     0x0000000008001b90        0x4
                0x0000000008001b90                PROVIDE (__init_array_start = .)
 *(SORT_BY_NAME(.init_array.*))
 *(.init_array*)
 .init_array    0x0000000008001b90        0x4 /usr/share/gcc-arm-none-eabi-10.3-2021.10/bin/../lib/gcc/arm-none-eabi/10.3.1/thumb/v7e-m+fp/hard/crtbegin.o
                0x0000000008001b94                PROVIDE (__init_array_end = .)

.fini_array     0x0000000008001b94        0x4
                [!provide]                        PROVIDE (__fini_array_start = .)
 *(SORT_BY_NAME(.fini_array.*))
 *(.fini_array*)
 .fini_array    0x0000000008001b94        0x4 /usr/share/gcc-arm-none-eabi-10.3-2021.10/bin/../lib/gcc/arm-none-eabi/10.3.1/thumb/v7e-m+fp/hard/crtbegin.o
                [!provide]                        PROVIDE (__fini_array_end = .)
                0x0000000008001b98                _sidata = LOADADDR (.data)

.data           0x0000000020000000        0xc load address 0x0000000008001b98
                0x0000000020000000                . = ALIGN (0x4)
                0x0000000020000000                _sdata = .
 *(.data)
 *(.data*)
 .data.uwTickFreq
                0x0000000020000000        0x1 build/stm32f3xx_hal.o
                0x0000000020000000                uwTickFreq
 *fill*         0x0000000020000001        0x3 
 .data.uwTickPrio
                0x0000000020000004        0x4 build/stm32f3xx_hal.o
                0x0000000020000004                uwTickPrio
 .data.SystemCoreClock
                0x0000000020000008        0x4 build/system_stm32f3xx.o
                0x0000000020000008                SystemCoreClock
                0x000000002000000c                . = ALIGN (0x4)
                0x000000002000000c                _edata = .
                0x0000000008001ba4                _siccmram = LOADADDR (.ccmram)

.igot.plt       0x000000002000000c        0x0 load address 0x0000000008001ba4
 .igot.plt      0x000000002000000c        0x0 /usr/share/gcc-arm-none-eabi-10.3-2021.10/bin/../lib/gcc/arm-none-eabi/10.3.1/thumb/v7e-m+fp/hard/crtbegin.o

.ccmram         0x0000000010000000        0x0 load address 0x0000000008001ba4
                0x0000000010000000                . = ALIGN (0x4)
                0x0000000010000000                _sccmram = .
 *(.ccmram)
 *(.ccmram*)
                0x0000000010000000                . = ALIGN (0x4)
                0x0000000010000000                _eccmram = .
                0x0000000010000000                . = ALIGN (0x4)

.bss            0x000000002000000c      0x3c4
                0x000000002000000c                _sbss = .
                0x000000002000000c                __bss_start__ = _sbss
 *(.bss)
 .bss           0x000000002000000c       0x1c /usr/share/gcc-arm-none-eabi-10.3-2021.10/bin/../lib/gcc/arm-none-eabi/10.3.1/thumb/v7e-m+fp/hard/crtbegin.o
 *(.bss*)
 .bss.TxData    0x0000000020000028        0x2 build/main.o
                0x0000000020000028                TxData
 *fill*         0x000000002000002a        0x2 
 .bss.x         0x000000002000002c        0x4 build/main.o
                0x000000002000002c                x
 .bss.hi2c1     0x0000000020000030       0x4c build/i2c.o
                0x0000000020000030                hi2c1
 .bss.hspi1     0x000000002000007c       0x64 build/spi.o
                0x000000002000007c                hspi1
 .bss.hpcd_USB_FS
                0x00000000200000e0      0x2ec build/usb.o
                0x00000000200000e0                hpcd_USB_FS
 .bss.uwTick    0x00000000200003cc        0x4 build/stm32f3xx_hal.o
                0x00000000200003cc                uwTick
 *(COMMON)
                0x00000000200003d0                . = ALIGN (0x4)
                0x00000000200003d0                _ebss = .
                0x00000000200003d0                __bss_end__ = _ebss

._user_heap_stack
                0x00000000200003d0      0x600
                0x00000000200003d0                . = ALIGN (0x8)
                [!provide]                        PROVIDE (end = .)
                [!provide]                        PROVIDE (_end = .)
                0x00000000200005d0                . = (. + _Min_Heap_Size)
 *fill*         0x00000000200003d0      0x200 
                0x00000000200009d0                . = (. + _Min_Stack_Size)
 *fill*         0x00000000200005d0      0x400 
                0x00000000200009d0                . = ALIGN (0x8)

/DISCARD/
 libc.a(*)
 libm.a(*)
 libgcc.a(*)

.ARM.attributes
                0x0000000000000000       0x30
 *(.ARM.attributes)
 .ARM.attributes
                0x0000000000000000       0x1e /usr/share/gcc-arm-none-eabi-10.3-2021.10/bin/../lib/gcc/arm-none-eabi/10.3.1/thumb/v7e-m+fp/hard/crti.o
 .ARM.attributes
                0x000000000000001e       0x34 /usr/share/gcc-arm-none-eabi-10.3-2021.10/bin/../lib/gcc/arm-none-eabi/10.3.1/thumb/v7e-m+fp/hard/crtbegin.o
 .ARM.attributes
                0x0000000000000052       0x34 build/main.o
 .ARM.attributes
                0x0000000000000086       0x34 build/gpio.o
 .ARM.attributes
                0x00000000000000ba       0x34 build/i2c.o
 .ARM.attributes
                0x00000000000000ee       0x34 build/spi.o
 .ARM.attributes
                0x0000000000000122       0x34 build/usb.o
 .ARM.attributes
                0x0000000000000156       0x34 build/stm32f3xx_it.o
 .ARM.attributes
                0x000000000000018a       0x34 build/stm32f3xx_hal_msp.o
 .ARM.attributes
                0x00000000000001be       0x34 build/stm32f3xx_ll_usb.o
 .ARM.attributes
                0x00000000000001f2       0x34 build/stm32f3xx_hal_i2c.o
 .ARM.attributes
                0x0000000000000226       0x34 build/stm32f3xx_hal_i2c_ex.o
 .ARM.attributes
                0x000000000000025a       0x34 build/stm32f3xx_hal.o
 .ARM.attributes
                0x000000000000028e       0x34 build/stm32f3xx_hal_rcc.o
 .ARM.attributes
                0x00000000000002c2       0x34 build/stm32f3xx_hal_rcc_ex.o
 .ARM.attributes
                0x00000000000002f6       0x34 build/stm32f3xx_hal_gpio.o
 .ARM.attributes
                0x000000000000032a       0x34 build/stm32f3xx_hal_cortex.o
 .ARM.attributes
                0x000000000000035e       0x34 build/stm32f3xx_hal_spi.o
 .ARM.attributes
                0x0000000000000392       0x34 build/stm32f3xx_hal_pcd.o
 .ARM.attributes
                0x00000000000003c6       0x34 build/system_stm32f3xx.o
 .ARM.attributes
                0x00000000000003fa       0x21 build/startup_stm32f303xc.o
 .ARM.attributes
                0x000000000000041b       0x34 /usr/share/gcc-arm-none-eabi-10.3-2021.10/bin/../lib/gcc/arm-none-eabi/10.3.1/../../../../arm-none-eabi/lib/thumb/v7e-m+fp/hard/libc_nano.a(lib_a-init.o)
 .ARM.attributes
                0x000000000000044f       0x34 /usr/share/gcc-arm-none-eabi-10.3-2021.10/bin/../lib/gcc/arm-none-eabi/10.3.1/../../../../arm-none-eabi/lib/thumb/v7e-m+fp/hard/libc_nano.a(lib_a-memset.o)
 .ARM.attributes
                0x0000000000000483       0x1e /usr/share/gcc-arm-none-eabi-10.3-2021.10/bin/../lib/gcc/arm-none-eabi/10.3.1/thumb/v7e-m+fp/hard/crtn.o
OUTPUT(build/Generic_I2C_Master.elf elf32-littlearm)
LOAD linker stubs
LOAD /usr/share/gcc-arm-none-eabi-10.3-2021.10/bin/../lib/gcc/arm-none-eabi/10.3.1/../../../../arm-none-eabi/lib/thumb/v7e-m+fp/hard/libc.a
LOAD /usr/share/gcc-arm-none-eabi-10.3-2021.10/bin/../lib/gcc/arm-none-eabi/10.3.1/../../../../arm-none-eabi/lib/thumb/v7e-m+fp/hard/libm.a
LOAD /usr/share/gcc-arm-none-eabi-10.3-2021.10/bin/../lib/gcc/arm-none-eabi/10.3.1/thumb/v7e-m+fp/hard/libgcc.a

.debug_info     0x0000000000000000    0x11b6e
 .debug_info    0x0000000000000000      0xc4b build/main.o
 .debug_info    0x0000000000000c4b      0x422 build/gpio.o
 .debug_info    0x000000000000106d      0xa82 build/i2c.o
 .debug_info    0x0000000000001aef      0x9d5 build/spi.o
 .debug_info    0x00000000000024c4      0x9b3 build/usb.o
 .debug_info    0x0000000000002e77      0x15b build/stm32f3xx_it.o
 .debug_info    0x0000000000002fd2      0x1ef build/stm32f3xx_hal_msp.o
 .debug_info    0x00000000000031c1     0x1a36 build/stm32f3xx_ll_usb.o
 .debug_info    0x0000000000004bf7     0x4136 build/stm32f3xx_hal_i2c.o
 .debug_info    0x0000000000008d2d      0x966 build/stm32f3xx_hal_i2c_ex.o
 .debug_info    0x0000000000009693      0x932 build/stm32f3xx_hal.o
 .debug_info    0x0000000000009fc5     0x16de build/stm32f3xx_hal_rcc.o
 .debug_info    0x000000000000b6a3      0x7f1 build/stm32f3xx_hal_rcc_ex.o
 .debug_info    0x000000000000be94      0x744 build/stm32f3xx_hal_gpio.o
 .debug_info    0x000000000000c5d8     0x10cf build/stm32f3xx_hal_cortex.o
 .debug_info    0x000000000000d6a7     0x231b build/stm32f3xx_hal_spi.o
 .debug_info    0x000000000000f9c2     0x1d0d build/stm32f3xx_hal_pcd.o
 .debug_info    0x00000000000116cf      0x47d build/system_stm32f3xx.o
 .debug_info    0x0000000000011b4c       0x22 build/startup_stm32f303xc.o

.debug_abbrev   0x0000000000000000     0x25b6
 .debug_abbrev  0x0000000000000000      0x256 build/main.o
 .debug_abbrev  0x0000000000000256      0x151 build/gpio.o
 .debug_abbrev  0x00000000000003a7      0x1e2 build/i2c.o
 .debug_abbrev  0x0000000000000589      0x1d7 build/spi.o
 .debug_abbrev  0x0000000000000760      0x1c5 build/usb.o
 .debug_abbrev  0x0000000000000925       0x81 build/stm32f3xx_it.o
 .debug_abbrev  0x00000000000009a6       0xe5 build/stm32f3xx_hal_msp.o
 .debug_abbrev  0x0000000000000a8b      0x2ed build/stm32f3xx_ll_usb.o
 .debug_abbrev  0x0000000000000d78      0x2a9 build/stm32f3xx_hal_i2c.o
 .debug_abbrev  0x0000000000001021      0x1b5 build/stm32f3xx_hal_i2c_ex.o
 .debug_abbrev  0x00000000000011d6      0x20a build/stm32f3xx_hal.o
 .debug_abbrev  0x00000000000013e0      0x323 build/stm32f3xx_hal_rcc.o
 .debug_abbrev  0x0000000000001703      0x278 build/stm32f3xx_hal_rcc_ex.o
 .debug_abbrev  0x000000000000197b      0x222 build/stm32f3xx_hal_gpio.o
 .debug_abbrev  0x0000000000001b9d      0x382 build/stm32f3xx_hal_cortex.o
 .debug_abbrev  0x0000000000001f1f      0x278 build/stm32f3xx_hal_spi.o
 .debug_abbrev  0x0000000000002197      0x2f2 build/stm32f3xx_hal_pcd.o
 .debug_abbrev  0x0000000000002489      0x11b build/system_stm32f3xx.o
 .debug_abbrev  0x00000000000025a4       0x12 build/startup_stm32f303xc.o

.debug_loc      0x0000000000000000     0xd8af
 .debug_loc     0x0000000000000000       0x72 build/main.o
 .debug_loc     0x0000000000000072       0x38 build/gpio.o
 .debug_loc     0x00000000000000aa       0xeb build/i2c.o
 .debug_loc     0x0000000000000195      0x108 build/spi.o
 .debug_loc     0x000000000000029d      0x108 build/usb.o
 .debug_loc     0x00000000000003a5       0x20 build/stm32f3xx_it.o
 .debug_loc     0x00000000000003c5       0x38 build/stm32f3xx_hal_msp.o
 .debug_loc     0x00000000000003fd     0x1902 build/stm32f3xx_ll_usb.o
 .debug_loc     0x0000000000001cff     0x50a9 build/stm32f3xx_hal_i2c.o
 .debug_loc     0x0000000000006da8      0x25a build/stm32f3xx_hal_i2c_ex.o
 .debug_loc     0x0000000000007002      0x1e1 build/stm32f3xx_hal.o
 .debug_loc     0x00000000000071e3      0xf4c build/stm32f3xx_hal_rcc.o
 .debug_loc     0x000000000000812f      0xafc build/stm32f3xx_hal_rcc_ex.o
 .debug_loc     0x0000000000008c2b      0x46f build/stm32f3xx_hal_gpio.o
 .debug_loc     0x000000000000909a      0x7a4 build/stm32f3xx_hal_cortex.o
 .debug_loc     0x000000000000983e     0x27b8 build/stm32f3xx_hal_spi.o
 .debug_loc     0x000000000000bff6     0x1796 build/stm32f3xx_hal_pcd.o
 .debug_loc     0x000000000000d78c      0x123 build/system_stm32f3xx.o

.debug_aranges  0x0000000000000000      0xae8
 .debug_aranges
                0x0000000000000000       0x30 build/main.o
 .debug_aranges
                0x0000000000000030       0x20 build/gpio.o
 .debug_aranges
                0x0000000000000050       0x30 build/i2c.o
 .debug_aranges
                0x0000000000000080       0x30 build/spi.o
 .debug_aranges
                0x00000000000000b0       0x30 build/usb.o
 .debug_aranges
                0x00000000000000e0       0x60 build/stm32f3xx_it.o
 .debug_aranges
                0x0000000000000140       0x20 build/stm32f3xx_hal_msp.o
 .debug_aranges
                0x0000000000000160       0xb0 build/stm32f3xx_ll_usb.o
 .debug_aranges
                0x0000000000000210      0x290 build/stm32f3xx_hal_i2c.o
 .debug_aranges
                0x00000000000004a0       0x48 build/stm32f3xx_hal_i2c_ex.o
 .debug_aranges
                0x00000000000004e8       0xe0 build/stm32f3xx_hal.o
 .debug_aranges
                0x00000000000005c8       0x88 build/stm32f3xx_hal_rcc.o
 .debug_aranges
                0x0000000000000650       0x38 build/stm32f3xx_hal_rcc_ex.o
 .debug_aranges
                0x0000000000000688       0x58 build/stm32f3xx_hal_gpio.o
 .debug_aranges
                0x00000000000006e0       0xa8 build/stm32f3xx_hal_cortex.o
 .debug_aranges
                0x0000000000000788      0x1d8 build/stm32f3xx_hal_spi.o
 .debug_aranges
                0x0000000000000960      0x138 build/stm32f3xx_hal_pcd.o
 .debug_aranges
                0x0000000000000a98       0x28 build/system_stm32f3xx.o
 .debug_aranges
                0x0000000000000ac0       0x28 build/startup_stm32f303xc.o

.debug_ranges   0x0000000000000000      0xd58
 .debug_ranges  0x0000000000000000       0x20 build/main.o
 .debug_ranges  0x0000000000000020       0x10 build/gpio.o
 .debug_ranges  0x0000000000000030       0x20 build/i2c.o
 .debug_ranges  0x0000000000000050       0x20 build/spi.o
 .debug_ranges  0x0000000000000070       0x20 build/usb.o
 .debug_ranges  0x0000000000000090       0x50 build/stm32f3xx_it.o
 .debug_ranges  0x00000000000000e0       0x10 build/stm32f3xx_hal_msp.o
 .debug_ranges  0x00000000000000f0      0x2d8 build/stm32f3xx_ll_usb.o
 .debug_ranges  0x00000000000003c8      0x280 build/stm32f3xx_hal_i2c.o
 .debug_ranges  0x0000000000000648       0x38 build/stm32f3xx_hal_i2c_ex.o
 .debug_ranges  0x0000000000000680       0xd0 build/stm32f3xx_hal.o
 .debug_ranges  0x0000000000000750       0x98 build/stm32f3xx_hal_rcc.o
 .debug_ranges  0x00000000000007e8       0x28 build/stm32f3xx_hal_rcc_ex.o
 .debug_ranges  0x0000000000000810       0x48 build/stm32f3xx_hal_gpio.o
 .debug_ranges  0x0000000000000858       0xf8 build/stm32f3xx_hal_cortex.o
 .debug_ranges  0x0000000000000950      0x1c8 build/stm32f3xx_hal_spi.o
 .debug_ranges  0x0000000000000b18      0x208 build/stm32f3xx_hal_pcd.o
 .debug_ranges  0x0000000000000d20       0x18 build/system_stm32f3xx.o
 .debug_ranges  0x0000000000000d38       0x20 build/startup_stm32f303xc.o

.debug_line     0x0000000000000000     0xe85b
 .debug_line    0x0000000000000000      0x38a build/main.o
 .debug_line    0x000000000000038a      0x1e2 build/gpio.o
 .debug_line    0x000000000000056c      0x2ee build/i2c.o
 .debug_line    0x000000000000085a      0x2df build/spi.o
 .debug_line    0x0000000000000b39      0x2ae build/usb.o
 .debug_line    0x0000000000000de7      0x177 build/stm32f3xx_it.o
 .debug_line    0x0000000000000f5e      0x184 build/stm32f3xx_hal_msp.o
 .debug_line    0x00000000000010e2     0x17d0 build/stm32f3xx_ll_usb.o
 .debug_line    0x00000000000028b2     0x483d build/stm32f3xx_hal_i2c.o
 .debug_line    0x00000000000070ef      0x4a3 build/stm32f3xx_hal_i2c_ex.o
 .debug_line    0x0000000000007592      0x506 build/stm32f3xx_hal.o
 .debug_line    0x0000000000007a98     0x11a1 build/stm32f3xx_hal_rcc.o
 .debug_line    0x0000000000008c39      0xae6 build/stm32f3xx_hal_rcc_ex.o
 .debug_line    0x000000000000971f      0x654 build/stm32f3xx_hal_gpio.o
 .debug_line    0x0000000000009d73      0x72b build/stm32f3xx_hal_cortex.o
 .debug_line    0x000000000000a49e     0x293c build/stm32f3xx_hal_spi.o
 .debug_line    0x000000000000cdda     0x17e2 build/stm32f3xx_hal_pcd.o
 .debug_line    0x000000000000e5bc      0x229 build/system_stm32f3xx.o
 .debug_line    0x000000000000e7e5       0x76 build/startup_stm32f303xc.o

.debug_str      0x0000000000000000     0x357c
 .debug_str     0x0000000000000000      0x92b build/main.o
                                        0x9f2 (size before relaxing)
 .debug_str     0x000000000000092b       0xc5 build/gpio.o
                                        0x2b4 (size before relaxing)
 .debug_str     0x00000000000009f0       0x93 build/i2c.o
                                        0x7d4 (size before relaxing)
 .debug_str     0x0000000000000a83      0x20d build/spi.o
                                        0x6e3 (size before relaxing)
 .debug_str     0x0000000000000c90      0x35e build/usb.o
                                        0x67d (size before relaxing)
 .debug_str     0x0000000000000fee       0xb4 build/stm32f3xx_it.o
                                        0x220 (size before relaxing)
 .debug_str     0x00000000000010a2       0x46 build/stm32f3xx_hal_msp.o
                                        0x220 (size before relaxing)
 .debug_str     0x00000000000010e8      0x24f build/stm32f3xx_ll_usb.o
                                        0x631 (size before relaxing)
 .debug_str     0x0000000000001337      0x88f build/stm32f3xx_hal_i2c.o
                                        0xf79 (size before relaxing)
 .debug_str     0x0000000000001bc6       0xd1 build/stm32f3xx_hal_i2c_ex.o
                                        0x7d6 (size before relaxing)
 .debug_str     0x0000000000001c97      0x72b build/stm32f3xx_hal.o
                                        0x9a1 (size before relaxing)
 .debug_str     0x00000000000023c2      0x1fb build/stm32f3xx_hal_rcc.o
                                        0x673 (size before relaxing)
 .debug_str     0x00000000000025bd       0xc5 build/stm32f3xx_hal_rcc_ex.o
                                        0x52f (size before relaxing)
 .debug_str     0x0000000000002682      0x10f build/stm32f3xx_hal_gpio.o
                                        0x426 (size before relaxing)
 .debug_str     0x0000000000002791      0x4a9 build/stm32f3xx_hal_cortex.o
                                        0xb5b (size before relaxing)
 .debug_str     0x0000000000002c3a      0x569 build/stm32f3xx_hal_spi.o
                                        0xbd8 (size before relaxing)
 .debug_str     0x00000000000031a3      0x363 build/stm32f3xx_hal_pcd.o
                                        0xa7f (size before relaxing)
 .debug_str     0x0000000000003506       0x52 build/system_stm32f3xx.o
                                        0x2cb (size before relaxing)
 .debug_str     0x0000000000003558       0x24 build/startup_stm32f303xc.o
                                         0x5b (size before relaxing)

.comment        0x0000000000000000       0x49
 .comment       0x0000000000000000       0x49 build/main.o
                                         0x4a (size before relaxing)
 .comment       0x0000000000000049       0x4a build/gpio.o
 .comment       0x0000000000000049       0x4a build/i2c.o
 .comment       0x0000000000000049       0x4a build/spi.o
 .comment       0x0000000000000049       0x4a build/usb.o
 .comment       0x0000000000000049       0x4a build/stm32f3xx_it.o
 .comment       0x0000000000000049       0x4a build/stm32f3xx_hal_msp.o
 .comment       0x0000000000000049       0x4a build/stm32f3xx_ll_usb.o
 .comment       0x0000000000000049       0x4a build/stm32f3xx_hal_i2c.o
 .comment       0x0000000000000049       0x4a build/stm32f3xx_hal_i2c_ex.o
 .comment       0x0000000000000049       0x4a build/stm32f3xx_hal.o
 .comment       0x0000000000000049       0x4a build/stm32f3xx_hal_rcc.o
 .comment       0x0000000000000049       0x4a build/stm32f3xx_hal_rcc_ex.o
 .comment       0x0000000000000049       0x4a build/stm32f3xx_hal_gpio.o
 .comment       0x0000000000000049       0x4a build/stm32f3xx_hal_cortex.o
 .comment       0x0000000000000049       0x4a build/stm32f3xx_hal_spi.o
 .comment       0x0000000000000049       0x4a build/stm32f3xx_hal_pcd.o
 .comment       0x0000000000000049       0x4a build/system_stm32f3xx.o

.debug_frame    0x0000000000000000     0x1d08
 .debug_frame   0x0000000000000000       0x58 build/main.o
 .debug_frame   0x0000000000000058       0x34 build/gpio.o
 .debug_frame   0x000000000000008c       0x60 build/i2c.o
 .debug_frame   0x00000000000000ec       0x60 build/spi.o
 .debug_frame   0x000000000000014c       0x60 build/usb.o
 .debug_frame   0x00000000000001ac       0xa8 build/stm32f3xx_it.o
 .debug_frame   0x0000000000000254       0x2c build/stm32f3xx_hal_msp.o
 .debug_frame   0x0000000000000280      0x17c build/stm32f3xx_ll_usb.o
 .debug_frame   0x00000000000003fc      0x934 build/stm32f3xx_hal_i2c.o
 .debug_frame   0x0000000000000d30       0x80 build/stm32f3xx_hal_i2c_ex.o
 .debug_frame   0x0000000000000db0      0x1cc build/stm32f3xx_hal.o
 .debug_frame   0x0000000000000f7c      0x16c build/stm32f3xx_hal_rcc.o
 .debug_frame   0x00000000000010e8       0x7c build/stm32f3xx_hal_rcc_ex.o
 .debug_frame   0x0000000000001164       0xd0 build/stm32f3xx_hal_gpio.o
 .debug_frame   0x0000000000001234      0x148 build/stm32f3xx_hal_cortex.o
 .debug_frame   0x000000000000137c      0x5d8 build/stm32f3xx_hal_spi.o
 .debug_frame   0x0000000000001954      0x338 build/stm32f3xx_hal_pcd.o
 .debug_frame   0x0000000000001c8c       0x30 build/system_stm32f3xx.o
 .debug_frame   0x0000000000001cbc       0x2c /usr/share/gcc-arm-none-eabi-10.3-2021.10/bin/../lib/gcc/arm-none-eabi/10.3.1/../../../../arm-none-eabi/lib/thumb/v7e-m+fp/hard/libc_nano.a(lib_a-init.o)
 .debug_frame   0x0000000000001ce8       0x20 /usr/share/gcc-arm-none-eabi-10.3-2021.10/bin/../lib/gcc/arm-none-eabi/10.3.1/../../../../arm-none-eabi/lib/thumb/v7e-m+fp/hard/libc_nano.a(lib_a-memset.o)

Cross Reference Table

Symbol                                            File
ADC1_2_IRQHandler                                 build/startup_stm32f303xc.o
ADC3_IRQHandler                                   build/startup_stm32f303xc.o
ADC4_IRQHandler                                   build/startup_stm32f303xc.o
AHBPrescTable                                     build/system_stm32f3xx.o
                                                  build/stm32f3xx_hal_rcc.o
APBPrescTable                                     build/system_stm32f3xx.o
                                                  build/stm32f3xx_hal_rcc.o
BusFault_Handler                                  build/stm32f3xx_it.o
CAN_RX1_IRQHandler                                build/startup_stm32f303xc.o
CAN_SCE_IRQHandler                                build/startup_stm32f303xc.o
COMP1_2_3_IRQHandler                              build/startup_stm32f303xc.o
COMP4_5_6_IRQHandler                              build/startup_stm32f303xc.o
COMP7_IRQHandler                                  build/startup_stm32f303xc.o
DMA1_Channel1_IRQHandler                          build/startup_stm32f303xc.o
DMA1_Channel2_IRQHandler                          build/startup_stm32f303xc.o
DMA1_Channel3_IRQHandler                          build/startup_stm32f303xc.o
DMA1_Channel4_IRQHandler                          build/startup_stm32f303xc.o
DMA1_Channel5_IRQHandler                          build/startup_stm32f303xc.o
DMA1_Channel6_IRQHandler                          build/startup_stm32f303xc.o
DMA1_Channel7_IRQHandler                          build/startup_stm32f303xc.o
DMA2_Channel1_IRQHandler                          build/startup_stm32f303xc.o
DMA2_Channel2_IRQHandler                          build/startup_stm32f303xc.o
DMA2_Channel3_IRQHandler                          build/startup_stm32f303xc.o
DMA2_Channel4_IRQHandler                          build/startup_stm32f303xc.o
DMA2_Channel5_IRQHandler                          build/startup_stm32f303xc.o
DebugMon_Handler                                  build/stm32f3xx_it.o
Default_Handler                                   build/startup_stm32f303xc.o
EXTI0_IRQHandler                                  build/startup_stm32f303xc.o
EXTI15_10_IRQHandler                              build/startup_stm32f303xc.o
EXTI1_IRQHandler                                  build/startup_stm32f303xc.o
EXTI2_TSC_IRQHandler                              build/startup_stm32f303xc.o
EXTI3_IRQHandler                                  build/startup_stm32f303xc.o
EXTI4_IRQHandler                                  build/startup_stm32f303xc.o
EXTI9_5_IRQHandler                                build/startup_stm32f303xc.o
Error_Handler                                     build/main.o
                                                  build/usb.o
                                                  build/spi.o
                                                  build/i2c.o
FLASH_IRQHandler                                  build/startup_stm32f303xc.o
FLASH_PageErase                                   build/stm32f3xx_hal_flash_ex.o
                                                  build/stm32f3xx_hal_flash.o
FLASH_WaitForLastOperation                        build/stm32f3xx_hal_flash.o
                                                  build/stm32f3xx_hal_flash_ex.o
FPU_IRQHandler                                    build/startup_stm32f303xc.o
HAL_DBGMCU_DisableDBGSleepMode                    build/stm32f3xx_hal.o
HAL_DBGMCU_DisableDBGStandbyMode                  build/stm32f3xx_hal.o
HAL_DBGMCU_DisableDBGStopMode                     build/stm32f3xx_hal.o
HAL_DBGMCU_EnableDBGSleepMode                     build/stm32f3xx_hal.o
HAL_DBGMCU_EnableDBGStandbyMode                   build/stm32f3xx_hal.o
HAL_DBGMCU_EnableDBGStopMode                      build/stm32f3xx_hal.o
HAL_DMA_Abort                                     build/stm32f3xx_hal_dma.o
                                                  build/stm32f3xx_hal_spi.o
HAL_DMA_Abort_IT                                  build/stm32f3xx_hal_dma.o
                                                  build/stm32f3xx_hal_spi.o
                                                  build/stm32f3xx_hal_i2c.o
HAL_DMA_DeInit                                    build/stm32f3xx_hal_dma.o
HAL_DMA_GetError                                  build/stm32f3xx_hal_dma.o
HAL_DMA_GetState                                  build/stm32f3xx_hal_dma.o
                                                  build/stm32f3xx_hal_i2c.o
HAL_DMA_IRQHandler                                build/stm32f3xx_hal_dma.o
HAL_DMA_Init                                      build/stm32f3xx_hal_dma.o
HAL_DMA_PollForTransfer                           build/stm32f3xx_hal_dma.o
HAL_DMA_RegisterCallback                          build/stm32f3xx_hal_dma.o
HAL_DMA_Start                                     build/stm32f3xx_hal_dma.o
HAL_DMA_Start_IT                                  build/stm32f3xx_hal_dma.o
                                                  build/stm32f3xx_hal_spi.o
                                                  build/stm32f3xx_hal_i2c.o
HAL_DMA_UnRegisterCallback                        build/stm32f3xx_hal_dma.o
HAL_DeInit                                        build/stm32f3xx_hal.o
HAL_Delay                                         build/stm32f3xx_hal.o
HAL_EXTI_ClearConfigLine                          build/stm32f3xx_hal_exti.o
HAL_EXTI_ClearPending                             build/stm32f3xx_hal_exti.o
HAL_EXTI_GenerateSWI                              build/stm32f3xx_hal_exti.o
HAL_EXTI_GetConfigLine                            build/stm32f3xx_hal_exti.o
HAL_EXTI_GetHandle                                build/stm32f3xx_hal_exti.o
HAL_EXTI_GetPending                               build/stm32f3xx_hal_exti.o
HAL_EXTI_IRQHandler                               build/stm32f3xx_hal_exti.o
HAL_EXTI_RegisterCallback                         build/stm32f3xx_hal_exti.o
HAL_EXTI_SetConfigLine                            build/stm32f3xx_hal_exti.o
HAL_FLASHEx_Erase                                 build/stm32f3xx_hal_flash_ex.o
HAL_FLASHEx_Erase_IT                              build/stm32f3xx_hal_flash_ex.o
HAL_FLASHEx_OBErase                               build/stm32f3xx_hal_flash_ex.o
HAL_FLASHEx_OBGetConfig                           build/stm32f3xx_hal_flash_ex.o
HAL_FLASHEx_OBGetUserData                         build/stm32f3xx_hal_flash_ex.o
HAL_FLASHEx_OBProgram                             build/stm32f3xx_hal_flash_ex.o
HAL_FLASH_EndOfOperationCallback                  build/stm32f3xx_hal_flash.o
HAL_FLASH_GetError                                build/stm32f3xx_hal_flash.o
HAL_FLASH_IRQHandler                              build/stm32f3xx_hal_flash.o
HAL_FLASH_Lock                                    build/stm32f3xx_hal_flash.o
HAL_FLASH_OB_Launch                               build/stm32f3xx_hal_flash.o
HAL_FLASH_OB_Lock                                 build/stm32f3xx_hal_flash.o
HAL_FLASH_OB_Unlock                               build/stm32f3xx_hal_flash.o
HAL_FLASH_OperationErrorCallback                  build/stm32f3xx_hal_flash.o
HAL_FLASH_Program                                 build/stm32f3xx_hal_flash.o
HAL_FLASH_Program_IT                              build/stm32f3xx_hal_flash.o
HAL_FLASH_Unlock                                  build/stm32f3xx_hal_flash.o
HAL_GPIO_DeInit                                   build/stm32f3xx_hal_gpio.o
                                                  build/usb.o
                                                  build/spi.o
                                                  build/i2c.o
HAL_GPIO_EXTI_Callback                            build/stm32f3xx_hal_gpio.o
HAL_GPIO_EXTI_IRQHandler                          build/stm32f3xx_hal_gpio.o
HAL_GPIO_Init                                     build/stm32f3xx_hal_gpio.o
                                                  build/stm32f3xx_hal_rcc.o
                                                  build/usb.o
                                                  build/spi.o
                                                  build/i2c.o
                                                  build/gpio.o
HAL_GPIO_LockPin                                  build/stm32f3xx_hal_gpio.o
HAL_GPIO_ReadPin                                  build/stm32f3xx_hal_gpio.o
HAL_GPIO_TogglePin                                build/stm32f3xx_hal_gpio.o
HAL_GPIO_WritePin                                 build/stm32f3xx_hal_gpio.o
                                                  build/gpio.o
                                                  build/main.o
HAL_GetDEVID                                      build/stm32f3xx_hal.o
HAL_GetHalVersion                                 build/stm32f3xx_hal.o
HAL_GetREVID                                      build/stm32f3xx_hal.o
HAL_GetTick                                       build/stm32f3xx_hal.o
                                                  build/stm32f3xx_hal_spi.o
                                                  build/stm32f3xx_hal_flash.o
                                                  build/stm32f3xx_hal_dma.o
                                                  build/stm32f3xx_hal_rcc_ex.o
                                                  build/stm32f3xx_hal_rcc.o
                                                  build/stm32f3xx_hal_i2c.o
HAL_GetTickFreq                                   build/stm32f3xx_hal.o
HAL_GetTickPrio                                   build/stm32f3xx_hal.o
HAL_GetUIDw0                                      build/stm32f3xx_hal.o
HAL_GetUIDw1                                      build/stm32f3xx_hal.o
HAL_GetUIDw2                                      build/stm32f3xx_hal.o
HAL_I2CEx_ConfigAnalogFilter                      build/stm32f3xx_hal_i2c_ex.o
                                                  build/i2c.o
HAL_I2CEx_ConfigDigitalFilter                     build/stm32f3xx_hal_i2c_ex.o
                                                  build/i2c.o
HAL_I2CEx_DisableFastModePlus                     build/stm32f3xx_hal_i2c_ex.o
HAL_I2CEx_DisableWakeUp                           build/stm32f3xx_hal_i2c_ex.o
HAL_I2CEx_EnableFastModePlus                      build/stm32f3xx_hal_i2c_ex.o
HAL_I2CEx_EnableWakeUp                            build/stm32f3xx_hal_i2c_ex.o
HAL_I2C_AbortCpltCallback                         build/stm32f3xx_hal_i2c.o
HAL_I2C_AddrCallback                              build/stm32f3xx_hal_i2c.o
HAL_I2C_DeInit                                    build/stm32f3xx_hal_i2c.o
HAL_I2C_DisableListen_IT                          build/stm32f3xx_hal_i2c.o
HAL_I2C_ER_IRQHandler                             build/stm32f3xx_hal_i2c.o
HAL_I2C_EV_IRQHandler                             build/stm32f3xx_hal_i2c.o
HAL_I2C_EnableListen_IT                           build/stm32f3xx_hal_i2c.o
HAL_I2C_ErrorCallback                             build/stm32f3xx_hal_i2c.o
HAL_I2C_GetError                                  build/stm32f3xx_hal_i2c.o
HAL_I2C_GetMode                                   build/stm32f3xx_hal_i2c.o
HAL_I2C_GetState                                  build/stm32f3xx_hal_i2c.o
HAL_I2C_Init                                      build/stm32f3xx_hal_i2c.o
                                                  build/i2c.o
HAL_I2C_IsDeviceReady                             build/stm32f3xx_hal_i2c.o
HAL_I2C_ListenCpltCallback                        build/stm32f3xx_hal_i2c.o
HAL_I2C_MasterRxCpltCallback                      build/stm32f3xx_hal_i2c.o
HAL_I2C_MasterTxCpltCallback                      build/stm32f3xx_hal_i2c.o
HAL_I2C_Master_Abort_IT                           build/stm32f3xx_hal_i2c.o
HAL_I2C_Master_Receive                            build/stm32f3xx_hal_i2c.o
HAL_I2C_Master_Receive_DMA                        build/stm32f3xx_hal_i2c.o
HAL_I2C_Master_Receive_IT                         build/stm32f3xx_hal_i2c.o
HAL_I2C_Master_Seq_Receive_DMA                    build/stm32f3xx_hal_i2c.o
HAL_I2C_Master_Seq_Receive_IT                     build/stm32f3xx_hal_i2c.o
HAL_I2C_Master_Seq_Transmit_DMA                   build/stm32f3xx_hal_i2c.o
HAL_I2C_Master_Seq_Transmit_IT                    build/stm32f3xx_hal_i2c.o
HAL_I2C_Master_Transmit                           build/stm32f3xx_hal_i2c.o
                                                  build/main.o
HAL_I2C_Master_Transmit_DMA                       build/stm32f3xx_hal_i2c.o
HAL_I2C_Master_Transmit_IT                        build/stm32f3xx_hal_i2c.o
HAL_I2C_MemRxCpltCallback                         build/stm32f3xx_hal_i2c.o
HAL_I2C_MemTxCpltCallback                         build/stm32f3xx_hal_i2c.o
HAL_I2C_Mem_Read                                  build/stm32f3xx_hal_i2c.o
HAL_I2C_Mem_Read_DMA                              build/stm32f3xx_hal_i2c.o
HAL_I2C_Mem_Read_IT                               build/stm32f3xx_hal_i2c.o
HAL_I2C_Mem_Write                                 build/stm32f3xx_hal_i2c.o
HAL_I2C_Mem_Write_DMA                             build/stm32f3xx_hal_i2c.o
HAL_I2C_Mem_Write_IT                              build/stm32f3xx_hal_i2c.o
HAL_I2C_MspDeInit                                 build/i2c.o
HAL_I2C_MspInit                                   build/i2c.o
HAL_I2C_SlaveRxCpltCallback                       build/stm32f3xx_hal_i2c.o
HAL_I2C_SlaveTxCpltCallback                       build/stm32f3xx_hal_i2c.o
HAL_I2C_Slave_Receive                             build/stm32f3xx_hal_i2c.o
HAL_I2C_Slave_Receive_DMA                         build/stm32f3xx_hal_i2c.o
HAL_I2C_Slave_Receive_IT                          build/stm32f3xx_hal_i2c.o
HAL_I2C_Slave_Seq_Receive_DMA                     build/stm32f3xx_hal_i2c.o
HAL_I2C_Slave_Seq_Receive_IT                      build/stm32f3xx_hal_i2c.o
HAL_I2C_Slave_Seq_Transmit_DMA                    build/stm32f3xx_hal_i2c.o
HAL_I2C_Slave_Seq_Transmit_IT                     build/stm32f3xx_hal_i2c.o
HAL_I2C_Slave_Transmit                            build/stm32f3xx_hal_i2c.o
HAL_I2C_Slave_Transmit_DMA                        build/stm32f3xx_hal_i2c.o
HAL_I2C_Slave_Transmit_IT                         build/stm32f3xx_hal_i2c.o
HAL_IncTick                                       build/stm32f3xx_hal.o
                                                  build/stm32f3xx_it.o
HAL_Init                                          build/stm32f3xx_hal.o
                                                  build/main.o
HAL_InitTick                                      build/stm32f3xx_hal.o
                                                  build/stm32f3xx_hal_rcc.o
HAL_MPU_ConfigRegion                              build/stm32f3xx_hal_cortex.o
HAL_MPU_Disable                                   build/stm32f3xx_hal_cortex.o
HAL_MPU_Enable                                    build/stm32f3xx_hal_cortex.o
HAL_MspDeInit                                     build/stm32f3xx_hal.o
HAL_MspInit                                       build/stm32f3xx_hal_msp.o
HAL_NVIC_ClearPendingIRQ                          build/stm32f3xx_hal_cortex.o
HAL_NVIC_DisableIRQ                               build/stm32f3xx_hal_cortex.o
HAL_NVIC_EnableIRQ                                build/stm32f3xx_hal_cortex.o
HAL_NVIC_GetActive                                build/stm32f3xx_hal_cortex.o
HAL_NVIC_GetPendingIRQ                            build/stm32f3xx_hal_cortex.o
HAL_NVIC_GetPriority                              build/stm32f3xx_hal_cortex.o
HAL_NVIC_GetPriorityGrouping                      build/stm32f3xx_hal_cortex.o
HAL_NVIC_SetPendingIRQ                            build/stm32f3xx_hal_cortex.o
HAL_NVIC_SetPriority                              build/stm32f3xx_hal_cortex.o
                                                  build/stm32f3xx_hal.o
HAL_NVIC_SetPriorityGrouping                      build/stm32f3xx_hal_cortex.o
                                                  build/stm32f3xx_hal.o
                                                  build/stm32f3xx_hal_msp.o
HAL_NVIC_SystemReset                              build/stm32f3xx_hal_cortex.o
HAL_PCDEx_BCD_Callback                            build/stm32f3xx_hal_pcd_ex.o
HAL_PCDEx_LPM_Callback                            build/stm32f3xx_hal_pcd_ex.o
HAL_PCDEx_PMAConfig                               build/stm32f3xx_hal_pcd_ex.o
HAL_PCDEx_SetConnectionState                      build/stm32f3xx_hal_pcd_ex.o
                                                  build/stm32f3xx_hal_pcd.o
HAL_PCD_ActivateRemoteWakeup                      build/stm32f3xx_hal_pcd.o
HAL_PCD_ConnectCallback                           build/stm32f3xx_hal_pcd.o
HAL_PCD_DataInStageCallback                       build/stm32f3xx_hal_pcd.o
HAL_PCD_DataOutStageCallback                      build/stm32f3xx_hal_pcd.o
HAL_PCD_DeActivateRemoteWakeup                    build/stm32f3xx_hal_pcd.o
HAL_PCD_DeInit                                    build/stm32f3xx_hal_pcd.o
HAL_PCD_DevConnect                                build/stm32f3xx_hal_pcd.o
HAL_PCD_DevDisconnect                             build/stm32f3xx_hal_pcd.o
HAL_PCD_DisconnectCallback                        build/stm32f3xx_hal_pcd.o
HAL_PCD_EP_Close                                  build/stm32f3xx_hal_pcd.o
HAL_PCD_EP_ClrStall                               build/stm32f3xx_hal_pcd.o
HAL_PCD_EP_Flush                                  build/stm32f3xx_hal_pcd.o
HAL_PCD_EP_GetRxCount                             build/stm32f3xx_hal_pcd.o
HAL_PCD_EP_Open                                   build/stm32f3xx_hal_pcd.o
HAL_PCD_EP_Receive                                build/stm32f3xx_hal_pcd.o
HAL_PCD_EP_SetStall                               build/stm32f3xx_hal_pcd.o
HAL_PCD_EP_Transmit                               build/stm32f3xx_hal_pcd.o
HAL_PCD_GetState                                  build/stm32f3xx_hal_pcd.o
HAL_PCD_IRQHandler                                build/stm32f3xx_hal_pcd.o
HAL_PCD_ISOINIncompleteCallback                   build/stm32f3xx_hal_pcd.o
HAL_PCD_ISOOUTIncompleteCallback                  build/stm32f3xx_hal_pcd.o
HAL_PCD_Init                                      build/stm32f3xx_hal_pcd.o
                                                  build/usb.o
HAL_PCD_MspDeInit                                 build/usb.o
HAL_PCD_MspInit                                   build/usb.o
HAL_PCD_ResetCallback                             build/stm32f3xx_hal_pcd.o
HAL_PCD_ResumeCallback                            build/stm32f3xx_hal_pcd.o
HAL_PCD_SOFCallback                               build/stm32f3xx_hal_pcd.o
HAL_PCD_SetAddress                                build/stm32f3xx_hal_pcd.o
HAL_PCD_SetupStageCallback                        build/stm32f3xx_hal_pcd.o
HAL_PCD_Start                                     build/stm32f3xx_hal_pcd.o
HAL_PCD_Stop                                      build/stm32f3xx_hal_pcd.o
HAL_PCD_SuspendCallback                           build/stm32f3xx_hal_pcd.o
HAL_PCD_WKUP_IRQHandler                           build/stm32f3xx_hal_pcd.o
HAL_PWR_ConfigPVD                                 build/stm32f3xx_hal_pwr_ex.o
HAL_PWR_DeInit                                    build/stm32f3xx_hal_pwr.o
HAL_PWR_DisableBkUpAccess                         build/stm32f3xx_hal_pwr.o
HAL_PWR_DisablePVD                                build/stm32f3xx_hal_pwr_ex.o
HAL_PWR_DisableSEVOnPend                          build/stm32f3xx_hal_pwr.o
HAL_PWR_DisableSleepOnExit                        build/stm32f3xx_hal_pwr.o
HAL_PWR_DisableWakeUpPin                          build/stm32f3xx_hal_pwr.o
HAL_PWR_EnableBkUpAccess                          build/stm32f3xx_hal_pwr.o
HAL_PWR_EnablePVD                                 build/stm32f3xx_hal_pwr_ex.o
HAL_PWR_EnableSEVOnPend                           build/stm32f3xx_hal_pwr.o
HAL_PWR_EnableSleepOnExit                         build/stm32f3xx_hal_pwr.o
HAL_PWR_EnableWakeUpPin                           build/stm32f3xx_hal_pwr.o
HAL_PWR_EnterSLEEPMode                            build/stm32f3xx_hal_pwr.o
HAL_PWR_EnterSTANDBYMode                          build/stm32f3xx_hal_pwr.o
HAL_PWR_EnterSTOPMode                             build/stm32f3xx_hal_pwr.o
HAL_PWR_PVDCallback                               build/stm32f3xx_hal_pwr_ex.o
HAL_PWR_PVD_IRQHandler                            build/stm32f3xx_hal_pwr_ex.o
HAL_RCCEx_GetPeriphCLKConfig                      build/stm32f3xx_hal_rcc_ex.o
HAL_RCCEx_GetPeriphCLKFreq                        build/stm32f3xx_hal_rcc_ex.o
HAL_RCCEx_PeriphCLKConfig                         build/stm32f3xx_hal_rcc_ex.o
                                                  build/main.o
HAL_RCC_CSSCallback                               build/stm32f3xx_hal_rcc.o
HAL_RCC_ClockConfig                               build/stm32f3xx_hal_rcc.o
                                                  build/main.o
HAL_RCC_DeInit                                    build/stm32f3xx_hal_rcc.o
HAL_RCC_DisableCSS                                build/stm32f3xx_hal_rcc.o
HAL_RCC_EnableCSS                                 build/stm32f3xx_hal_rcc.o
HAL_RCC_GetClockConfig                            build/stm32f3xx_hal_rcc.o
HAL_RCC_GetHCLKFreq                               build/stm32f3xx_hal_rcc.o
HAL_RCC_GetOscConfig                              build/stm32f3xx_hal_rcc.o
HAL_RCC_GetPCLK1Freq                              build/stm32f3xx_hal_rcc.o
                                                  build/stm32f3xx_hal_rcc_ex.o
HAL_RCC_GetPCLK2Freq                              build/stm32f3xx_hal_rcc.o
                                                  build/stm32f3xx_hal_rcc_ex.o
HAL_RCC_GetSysClockFreq                           build/stm32f3xx_hal_rcc.o
                                                  build/stm32f3xx_hal_rcc_ex.o
HAL_RCC_MCOConfig                                 build/stm32f3xx_hal_rcc.o
HAL_RCC_NMI_IRQHandler                            build/stm32f3xx_hal_rcc.o
HAL_RCC_OscConfig                                 build/stm32f3xx_hal_rcc.o
                                                  build/main.o
HAL_ResumeTick                                    build/stm32f3xx_hal.o
HAL_SPIEx_FlushRxFifo                             build/stm32f3xx_hal_spi_ex.o
HAL_SPI_Abort                                     build/stm32f3xx_hal_spi.o
HAL_SPI_AbortCpltCallback                         build/stm32f3xx_hal_spi.o
HAL_SPI_Abort_IT                                  build/stm32f3xx_hal_spi.o
HAL_SPI_DMAPause                                  build/stm32f3xx_hal_spi.o
HAL_SPI_DMAResume                                 build/stm32f3xx_hal_spi.o
HAL_SPI_DMAStop                                   build/stm32f3xx_hal_spi.o
HAL_SPI_DeInit                                    build/stm32f3xx_hal_spi.o
HAL_SPI_ErrorCallback                             build/stm32f3xx_hal_spi.o
HAL_SPI_GetError                                  build/stm32f3xx_hal_spi.o
HAL_SPI_GetState                                  build/stm32f3xx_hal_spi.o
HAL_SPI_IRQHandler                                build/stm32f3xx_hal_spi.o
HAL_SPI_Init                                      build/stm32f3xx_hal_spi.o
                                                  build/spi.o
HAL_SPI_MspDeInit                                 build/spi.o
HAL_SPI_MspInit                                   build/spi.o
HAL_SPI_Receive                                   build/stm32f3xx_hal_spi.o
HAL_SPI_Receive_DMA                               build/stm32f3xx_hal_spi.o
HAL_SPI_Receive_IT                                build/stm32f3xx_hal_spi.o
HAL_SPI_RxCpltCallback                            build/stm32f3xx_hal_spi.o
HAL_SPI_RxHalfCpltCallback                        build/stm32f3xx_hal_spi.o
HAL_SPI_Transmit                                  build/stm32f3xx_hal_spi.o
HAL_SPI_TransmitReceive                           build/stm32f3xx_hal_spi.o
HAL_SPI_TransmitReceive_DMA                       build/stm32f3xx_hal_spi.o
HAL_SPI_TransmitReceive_IT                        build/stm32f3xx_hal_spi.o
HAL_SPI_Transmit_DMA                              build/stm32f3xx_hal_spi.o
HAL_SPI_Transmit_IT                               build/stm32f3xx_hal_spi.o
HAL_SPI_TxCpltCallback                            build/stm32f3xx_hal_spi.o
HAL_SPI_TxHalfCpltCallback                        build/stm32f3xx_hal_spi.o
HAL_SPI_TxRxCpltCallback                          build/stm32f3xx_hal_spi.o
HAL_SPI_TxRxHalfCpltCallback                      build/stm32f3xx_hal_spi.o
HAL_SYSTICK_CLKSourceConfig                       build/stm32f3xx_hal_cortex.o
HAL_SYSTICK_Callback                              build/stm32f3xx_hal_cortex.o
HAL_SYSTICK_Config                                build/stm32f3xx_hal_cortex.o
                                                  build/stm32f3xx_hal.o
HAL_SYSTICK_IRQHandler                            build/stm32f3xx_hal_cortex.o
HAL_SetTickFreq                                   build/stm32f3xx_hal.o
HAL_SuspendTick                                   build/stm32f3xx_hal.o
HardFault_Handler                                 build/stm32f3xx_it.o
I2C1_ER_IRQHandler                                build/startup_stm32f303xc.o
I2C1_EV_IRQHandler                                build/startup_stm32f303xc.o
I2C2_ER_IRQHandler                                build/startup_stm32f303xc.o
I2C2_EV_IRQHandler                                build/startup_stm32f303xc.o
MX_GPIO_Init                                      build/gpio.o
                                                  build/main.o
MX_I2C1_Init                                      build/i2c.o
                                                  build/main.o
MX_SPI1_Init                                      build/spi.o
                                                  build/main.o
MX_USB_PCD_Init                                   build/usb.o
                                                  build/main.o
MemManage_Handler                                 build/stm32f3xx_it.o
NMI_Handler                                       build/stm32f3xx_it.o
PVD_IRQHandler                                    build/startup_stm32f303xc.o
PendSV_Handler                                    build/stm32f3xx_it.o
RCC_IRQHandler                                    build/startup_stm32f303xc.o
RTC_Alarm_IRQHandler                              build/startup_stm32f303xc.o
RTC_WKUP_IRQHandler                               build/startup_stm32f303xc.o
Reset_Handler                                     build/startup_stm32f303xc.o
SPI1_IRQHandler                                   build/startup_stm32f303xc.o
SPI2_IRQHandler                                   build/startup_stm32f303xc.o
SPI3_IRQHandler                                   build/startup_stm32f303xc.o
SVC_Handler                                       build/stm32f3xx_it.o
SysTick_Handler                                   build/stm32f3xx_it.o
SystemClock_Config                                build/main.o
SystemCoreClock                                   build/system_stm32f3xx.o
                                                  build/stm32f3xx_hal_spi.o
                                                  build/stm32f3xx_hal_rcc_ex.o
                                                  build/stm32f3xx_hal_rcc.o
                                                  build/stm32f3xx_hal.o
SystemCoreClockUpdate                             build/system_stm32f3xx.o
SystemInit                                        build/system_stm32f3xx.o
                                                  build/startup_stm32f303xc.o
TAMP_STAMP_IRQHandler                             build/startup_stm32f303xc.o
TIM1_BRK_TIM15_IRQHandler                         build/startup_stm32f303xc.o
TIM1_CC_IRQHandler                                build/startup_stm32f303xc.o
TIM1_TRG_COM_TIM17_IRQHandler                     build/startup_stm32f303xc.o
TIM1_UP_TIM16_IRQHandler                          build/startup_stm32f303xc.o
TIM2_IRQHandler                                   build/startup_stm32f303xc.o
TIM3_IRQHandler                                   build/startup_stm32f303xc.o
TIM4_IRQHandler                                   build/startup_stm32f303xc.o
TIM6_DAC_IRQHandler                               build/startup_stm32f303xc.o
TIM7_IRQHandler                                   build/startup_stm32f303xc.o
TIM8_BRK_IRQHandler                               build/startup_stm32f303xc.o
TIM8_CC_IRQHandler                                build/startup_stm32f303xc.o
TIM8_TRG_COM_IRQHandler                           build/startup_stm32f303xc.o
TIM8_UP_IRQHandler                                build/startup_stm32f303xc.o
TxData                                            build/main.o
UART4_IRQHandler                                  build/startup_stm32f303xc.o
UART5_IRQHandler                                  build/startup_stm32f303xc.o
USART1_IRQHandler                                 build/startup_stm32f303xc.o
USART2_IRQHandler                                 build/startup_stm32f303xc.o
USART3_IRQHandler                                 build/startup_stm32f303xc.o
USBWakeUp_IRQHandler                              build/startup_stm32f303xc.o
USBWakeUp_RMP_IRQHandler                          build/startup_stm32f303xc.o
USB_ActivateEndpoint                              build/stm32f3xx_ll_usb.o
                                                  build/stm32f3xx_hal_pcd.o
USB_ActivateRemoteWakeup                          build/stm32f3xx_ll_usb.o
                                                  build/stm32f3xx_hal_pcd.o
USB_CoreInit                                      build/stm32f3xx_ll_usb.o
USB_DeActivateRemoteWakeup                        build/stm32f3xx_ll_usb.o
                                                  build/stm32f3xx_hal_pcd.o
USB_DeactivateEndpoint                            build/stm32f3xx_ll_usb.o
                                                  build/stm32f3xx_hal_pcd.o
USB_DevConnect                                    build/stm32f3xx_ll_usb.o
                                                  build/stm32f3xx_hal_pcd.o
USB_DevDisconnect                                 build/stm32f3xx_ll_usb.o
                                                  build/stm32f3xx_hal_pcd.o
USB_DevInit                                       build/stm32f3xx_ll_usb.o
                                                  build/stm32f3xx_hal_pcd.o
USB_DisableGlobalInt                              build/stm32f3xx_ll_usb.o
                                                  build/stm32f3xx_hal_pcd.o
USB_EPClearStall                                  build/stm32f3xx_ll_usb.o
                                                  build/stm32f3xx_hal_pcd.o
USB_EPSetStall                                    build/stm32f3xx_ll_usb.o
                                                  build/stm32f3xx_hal_pcd.o
USB_EPStartXfer                                   build/stm32f3xx_ll_usb.o
                                                  build/stm32f3xx_hal_pcd.o
USB_EnableGlobalInt                               build/stm32f3xx_ll_usb.o
                                                  build/stm32f3xx_hal_pcd.o
USB_HP_CAN_TX_IRQHandler                          build/startup_stm32f303xc.o
USB_HP_IRQHandler                                 build/startup_stm32f303xc.o
USB_LP_CAN_RX0_IRQHandler                         build/startup_stm32f303xc.o
USB_LP_IRQHandler                                 build/startup_stm32f303xc.o
USB_ReadInterrupts                                build/stm32f3xx_ll_usb.o
                                                  build/stm32f3xx_hal_pcd.o
USB_ReadPMA                                       build/stm32f3xx_ll_usb.o
                                                  build/stm32f3xx_hal_pcd.o
USB_SetCurrentMode                                build/stm32f3xx_ll_usb.o
USB_SetDevAddress                                 build/stm32f3xx_ll_usb.o
                                                  build/stm32f3xx_hal_pcd.o
USB_StopDevice                                    build/stm32f3xx_ll_usb.o
                                                  build/stm32f3xx_hal_pcd.o
USB_WritePMA                                      build/stm32f3xx_ll_usb.o
                                                  build/stm32f3xx_hal_pcd.o
UsageFault_Handler                                build/stm32f3xx_it.o
WWDG_IRQHandler                                   build/startup_stm32f303xc.o
__bss_end__                                       /usr/share/gcc-arm-none-eabi-10.3-2021.10/bin/../lib/gcc/arm-none-eabi/10.3.1/../../../../arm-none-eabi/lib/thumb/v7e-m+fp/hard/crt0.o
__bss_start__                                     /usr/share/gcc-arm-none-eabi-10.3-2021.10/bin/../lib/gcc/arm-none-eabi/10.3.1/../../../../arm-none-eabi/lib/thumb/v7e-m+fp/hard/crt0.o
__call_exitprocs                                  /usr/share/gcc-arm-none-eabi-10.3-2021.10/bin/../lib/gcc/arm-none-eabi/10.3.1/../../../../arm-none-eabi/lib/thumb/v7e-m+fp/hard/libc_nano.a(lib_a-exit.o)
__deregister_frame_info                           /usr/share/gcc-arm-none-eabi-10.3-2021.10/bin/../lib/gcc/arm-none-eabi/10.3.1/thumb/v7e-m+fp/hard/crtbegin.o
__dso_handle                                      /usr/share/gcc-arm-none-eabi-10.3-2021.10/bin/../lib/gcc/arm-none-eabi/10.3.1/thumb/v7e-m+fp/hard/crtbegin.o
__init_array_end                                  /usr/share/gcc-arm-none-eabi-10.3-2021.10/bin/../lib/gcc/arm-none-eabi/10.3.1/../../../../arm-none-eabi/lib/thumb/v7e-m+fp/hard/libc_nano.a(lib_a-init.o)
__init_array_start                                /usr/share/gcc-arm-none-eabi-10.3-2021.10/bin/../lib/gcc/arm-none-eabi/10.3.1/../../../../arm-none-eabi/lib/thumb/v7e-m+fp/hard/libc_nano.a(lib_a-init.o)
__libc_fini_array                                 /usr/share/gcc-arm-none-eabi-10.3-2021.10/bin/../lib/gcc/arm-none-eabi/10.3.1/../../../../arm-none-eabi/lib/thumb/v7e-m+fp/hard/crt0.o
__libc_init_array                                 /usr/share/gcc-arm-none-eabi-10.3-2021.10/bin/../lib/gcc/arm-none-eabi/10.3.1/../../../../arm-none-eabi/lib/thumb/v7e-m+fp/hard/libc_nano.a(lib_a-init.o)
                                                  build/startup_stm32f303xc.o
                                                  /usr/share/gcc-arm-none-eabi-10.3-2021.10/bin/../lib/gcc/arm-none-eabi/10.3.1/../../../../arm-none-eabi/lib/thumb/v7e-m+fp/hard/crt0.o
__preinit_array_end                               /usr/share/gcc-arm-none-eabi-10.3-2021.10/bin/../lib/gcc/arm-none-eabi/10.3.1/../../../../arm-none-eabi/lib/thumb/v7e-m+fp/hard/libc_nano.a(lib_a-init.o)
__preinit_array_start                             /usr/share/gcc-arm-none-eabi-10.3-2021.10/bin/../lib/gcc/arm-none-eabi/10.3.1/../../../../arm-none-eabi/lib/thumb/v7e-m+fp/hard/libc_nano.a(lib_a-init.o)
__register_frame_info                             /usr/share/gcc-arm-none-eabi-10.3-2021.10/bin/../lib/gcc/arm-none-eabi/10.3.1/thumb/v7e-m+fp/hard/crtbegin.o
__sf_fake_stderr                                  /usr/share/gcc-arm-none-eabi-10.3-2021.10/bin/../lib/gcc/arm-none-eabi/10.3.1/../../../../arm-none-eabi/lib/thumb/v7e-m+fp/hard/libc_nano.a(lib_a-impure.o)
__sf_fake_stdin                                   /usr/share/gcc-arm-none-eabi-10.3-2021.10/bin/../lib/gcc/arm-none-eabi/10.3.1/../../../../arm-none-eabi/lib/thumb/v7e-m+fp/hard/libc_nano.a(lib_a-impure.o)
__sf_fake_stdout                                  /usr/share/gcc-arm-none-eabi-10.3-2021.10/bin/../lib/gcc/arm-none-eabi/10.3.1/../../../../arm-none-eabi/lib/thumb/v7e-m+fp/hard/libc_nano.a(lib_a-impure.o)
__stack                                           /usr/share/gcc-arm-none-eabi-10.3-2021.10/bin/../lib/gcc/arm-none-eabi/10.3.1/../../../../arm-none-eabi/lib/thumb/v7e-m+fp/hard/crt0.o
_ebss                                             build/startup_stm32f303xc.o
_edata                                            build/startup_stm32f303xc.o
_estack                                           build/startup_stm32f303xc.o
_exit                                             /usr/share/gcc-arm-none-eabi-10.3-2021.10/bin/../lib/gcc/arm-none-eabi/10.3.1/../../../../arm-none-eabi/lib/thumb/v7e-m+fp/hard/libnosys.a(_exit.o)
                                                  /usr/share/gcc-arm-none-eabi-10.3-2021.10/bin/../lib/gcc/arm-none-eabi/10.3.1/../../../../arm-none-eabi/lib/thumb/v7e-m+fp/hard/libc_nano.a(lib_a-exit.o)
_fini                                             /usr/share/gcc-arm-none-eabi-10.3-2021.10/bin/../lib/gcc/arm-none-eabi/10.3.1/thumb/v7e-m+fp/hard/crti.o
_global_impure_ptr                                /usr/share/gcc-arm-none-eabi-10.3-2021.10/bin/../lib/gcc/arm-none-eabi/10.3.1/../../../../arm-none-eabi/lib/thumb/v7e-m+fp/hard/libc_nano.a(lib_a-impure.o)
                                                  /usr/share/gcc-arm-none-eabi-10.3-2021.10/bin/../lib/gcc/arm-none-eabi/10.3.1/../../../../arm-none-eabi/lib/thumb/v7e-m+fp/hard/libc_nano.a(lib_a-exit.o)
_impure_ptr                                       /usr/share/gcc-arm-none-eabi-10.3-2021.10/bin/../lib/gcc/arm-none-eabi/10.3.1/../../../../arm-none-eabi/lib/thumb/v7e-m+fp/hard/libc_nano.a(lib_a-impure.o)
_init                                             /usr/share/gcc-arm-none-eabi-10.3-2021.10/bin/../lib/gcc/arm-none-eabi/10.3.1/thumb/v7e-m+fp/hard/crti.o
                                                  /usr/share/gcc-arm-none-eabi-10.3-2021.10/bin/../lib/gcc/arm-none-eabi/10.3.1/../../../../arm-none-eabi/lib/thumb/v7e-m+fp/hard/libc_nano.a(lib_a-init.o)
_mainCRTStartup                                   /usr/share/gcc-arm-none-eabi-10.3-2021.10/bin/../lib/gcc/arm-none-eabi/10.3.1/../../../../arm-none-eabi/lib/thumb/v7e-m+fp/hard/crt0.o
_sbss                                             build/startup_stm32f303xc.o
_sdata                                            build/startup_stm32f303xc.o
_sidata                                           build/startup_stm32f303xc.o
_stack_init                                       /usr/share/gcc-arm-none-eabi-10.3-2021.10/bin/../lib/gcc/arm-none-eabi/10.3.1/../../../../arm-none-eabi/lib/thumb/v7e-m+fp/hard/crt0.o
_start                                            /usr/share/gcc-arm-none-eabi-10.3-2021.10/bin/../lib/gcc/arm-none-eabi/10.3.1/../../../../arm-none-eabi/lib/thumb/v7e-m+fp/hard/crt0.o
aPLLMULFactorTable                                build/stm32f3xx_hal_rcc.o
aPredivFactorTable                                build/stm32f3xx_hal_rcc.o
atexit                                            /usr/share/gcc-arm-none-eabi-10.3-2021.10/bin/../lib/gcc/arm-none-eabi/10.3.1/../../../../arm-none-eabi/lib/thumb/v7e-m+fp/hard/crt0.o
exit                                              /usr/share/gcc-arm-none-eabi-10.3-2021.10/bin/../lib/gcc/arm-none-eabi/10.3.1/../../../../arm-none-eabi/lib/thumb/v7e-m+fp/hard/libc_nano.a(lib_a-exit.o)
                                                  /usr/share/gcc-arm-none-eabi-10.3-2021.10/bin/../lib/gcc/arm-none-eabi/10.3.1/../../../../arm-none-eabi/lib/thumb/v7e-m+fp/hard/crt0.o
g_pfnVectors                                      build/startup_stm32f303xc.o
hardware_init_hook                                /usr/share/gcc-arm-none-eabi-10.3-2021.10/bin/../lib/gcc/arm-none-eabi/10.3.1/../../../../arm-none-eabi/lib/thumb/v7e-m+fp/hard/crt0.o
hi2c1                                             build/i2c.o
                                                  build/main.o
hpcd_USB_FS                                       build/usb.o
hspi1                                             build/spi.o
main                                              build/main.o
                                                  build/startup_stm32f303xc.o
                                                  /usr/share/gcc-arm-none-eabi-10.3-2021.10/bin/../lib/gcc/arm-none-eabi/10.3.1/../../../../arm-none-eabi/lib/thumb/v7e-m+fp/hard/crt0.o
memset                                            /usr/share/gcc-arm-none-eabi-10.3-2021.10/bin/../lib/gcc/arm-none-eabi/10.3.1/../../../../arm-none-eabi/lib/thumb/v7e-m+fp/hard/libc_nano.a(lib_a-memset.o)
                                                  build/main.o
                                                  /usr/share/gcc-arm-none-eabi-10.3-2021.10/bin/../lib/gcc/arm-none-eabi/10.3.1/../../../../arm-none-eabi/lib/thumb/v7e-m+fp/hard/crt0.o
pFlash                                            build/stm32f3xx_hal_flash.o
                                                  build/stm32f3xx_hal_flash_ex.o
software_init_hook                                /usr/share/gcc-arm-none-eabi-10.3-2021.10/bin/../lib/gcc/arm-none-eabi/10.3.1/../../../../arm-none-eabi/lib/thumb/v7e-m+fp/hard/crt0.o
uwTick                                            build/stm32f3xx_hal.o
uwTickFreq                                        build/stm32f3xx_hal.o
uwTickPrio                                        build/stm32f3xx_hal.o
                                                  build/stm32f3xx_hal_rcc.o
x                                                 build/main.o
